Archive member included to satisfy reference by file (symbol)

obj_cooja/mtype478.a(simEnvChange.o)
                              obj_cooja/mtype478.o (simDontFallAsleep)
obj_cooja/mtype478.a(cooja_mt.o)
                              obj_cooja/mtype478.o (cooja_mt_start)
obj_cooja/mtype478.a(cooja_mtarch.o)
                              obj_cooja/mtype478.a(cooja_mt.o) (cooja_mtarch_start)
obj_cooja/mtype478.a(rtimer-arch.o)
                              obj_cooja/mtype478.o (rtimer_arch_check)
obj_cooja/mtype478.a(beep.o)  obj_cooja/mtype478.o (beep_interface)
obj_cooja/mtype478.a(button-sensor.o)
                              obj_cooja/mtype478.o (button_interface)
obj_cooja/mtype478.a(leds-arch.o)
                              obj_cooja/mtype478.o (leds_interface)
obj_cooja/mtype478.a(moteid.o)
                              obj_cooja/mtype478.o (moteid_interface)
obj_cooja/mtype478.a(pir-sensor.o)
                              obj_cooja/mtype478.o (pir_interface)
obj_cooja/mtype478.a(rs232.o)
                              obj_cooja/mtype478.o (rs232_interface)
obj_cooja/mtype478.a(vib-sensor.o)
                              obj_cooja/mtype478.o (vib_interface)
obj_cooja/mtype478.a(clock.o)
                              obj_cooja/mtype478.o (clock_interface)
obj_cooja/mtype478.a(cooja-log.o)
                              obj_cooja/mtype478.o (simlog_interface)
obj_cooja/mtype478.a(cfs-cooja.o)
                              obj_cooja/mtype478.o (cfs_interface)
obj_cooja/mtype478.a(cooja-radio.o)
                              obj_cooja/mtype478.o (radio_interface)
obj_cooja/mtype478.a(eeprom.o)
                              obj_cooja/mtype478.o (eeprom_interface)
obj_cooja/mtype478.a(random.o)
                              obj_cooja/mtype478.a(moteid.o) (random_init)
obj_cooja/mtype478.a(sensors.o)
                              obj_cooja/mtype478.a(button-sensor.o) (sensors_changed)
obj_cooja/mtype478.a(mqtt.o)  mqtt-client.o (mqtt_disconnect)
obj_cooja/mtype478.a(contiki-main.o)
                              obj_cooja/mtype478.o (main)
obj_cooja/mtype478.a(autostart.o)
                              obj_cooja/mtype478.a(contiki-main.o) (autostart_start)
obj_cooja/mtype478.a(ctimer.o)
                              obj_cooja/mtype478.a(contiki-main.o) (ctimer_init)
obj_cooja/mtype478.a(energest.o)
                              obj_cooja/mtype478.a(contiki-main.o) (energest_init)
obj_cooja/mtype478.a(etimer.o)
                              obj_cooja/mtype478.a(contiki-main.o) (etimer_process)
obj_cooja/mtype478.a(log.o)   obj_cooja/mtype478.a(contiki-main.o) (curr_log_level_main)
obj_cooja/mtype478.a(process.o)
                              obj_cooja/mtype478.a(mqtt.o) (process_current)
obj_cooja/mtype478.a(rtimer.o)
                              obj_cooja/mtype478.a(contiki-main.o) (rtimer_init)
obj_cooja/mtype478.a(node-id.o)
                              obj_cooja/mtype478.a(contiki-main.o) (node_id)
obj_cooja/mtype478.a(timer.o)
                              mqtt-client.o (timer_set)
obj_cooja/mtype478.a(serial-line.o)
                              obj_cooja/mtype478.a(rs232.o) (serial_line_input_byte)
obj_cooja/mtype478.a(list.o)  obj_cooja/mtype478.a(mqtt.o) (list_init)
obj_cooja/mtype478.a(ringbuf.o)
                              obj_cooja/mtype478.a(serial-line.o) (ringbuf_init)
obj_cooja/mtype478.a(nbr-table.o)
                              mqtt-client.o (nbr_table_head)
obj_cooja/mtype478.a(packetbuf.o)
                              obj_cooja/mtype478.a(cooja-radio.o) (packetbuf_clear)
obj_cooja/mtype478.a(netstack.o)
                              obj_cooja/mtype478.a(contiki-main.o) (netstack_init)
obj_cooja/mtype478.a(linkaddr.o)
                              mqtt-client.o (linkaddr_node_addr)
obj_cooja/mtype478.a(csma.o)  obj_cooja/mtype478.a(cooja-radio.o) (csma_driver)
obj_cooja/mtype478.a(csma-output.o)
                              obj_cooja/mtype478.a(csma.o) (csma_output_packet)
obj_cooja/mtype478.a(uip-ds6.o)
                              obj_cooja/mtype478.a(contiki-main.o) (uip_ds6_get_link_local)
obj_cooja/mtype478.a(tcp-socket.o)
                              obj_cooja/mtype478.a(mqtt.o) (tcp_socket_register)
obj_cooja/mtype478.a(tcpip.o)
                              obj_cooja/mtype478.a(tcp-socket.o) (tcpip_event)
obj_cooja/mtype478.a(uip-ds6-route.o)
                              obj_cooja/mtype478.a(uip-ds6.o) (uip_ds6_route_init)
obj_cooja/mtype478.a(uip6.o)  obj_cooja/mtype478.a(contiki-main.o) (uip_lladdr)
obj_cooja/mtype478.a(uip-ds6-nbr.o)
                              mqtt-client.o (ds6_neighbors)
obj_cooja/mtype478.a(uip-nd6.o)
                              obj_cooja/mtype478.a(tcpip.o) (uip_nd6_ns_output)
obj_cooja/mtype478.a(simple-udp.o)
                              mqtt-client.o (simple_udp_sendto)
obj_cooja/mtype478.a(sicslowpan.o)
                              obj_cooja/mtype478.a(contiki-main.o) (sicslowpan_driver)
obj_cooja/mtype478.a(uiplib.o)
[...]
Memory Configuration

Name             Origin             Length             Attributes
*default*        0x0000000000000000 0xffffffffffffffff

Linker script and memory map

LOAD /usr/lib/gcc/i686-linux-gnu/5/../../../i386-linux-gnu/crti.o
LOAD /usr/lib/gcc/i686-linux-gnu/5/crtbeginS.o
LOAD mqtt-client.o
LOAD obj_cooja/mtype478.o
LOAD obj_cooja/mtype478.a
LOAD /usr/lib/gcc/i686-linux-gnu/5/libgcc.a
LOAD /usr/lib/gcc/i686-linux-gnu/5/libgcc_s.so
LOAD /usr/lib/gcc/i686-linux-gnu/5/../../../i386-linux-gnu/libc.so
START GROUP
LOAD /lib/i386-linux-gnu/libc.so.6
LOAD /usr/lib/i386-linux-gnu/libc_nonshared.a
LOAD /lib/i386-linux-gnu/ld-linux.so.2
END GROUP
LOAD /usr/lib/gcc/i686-linux-gnu/5/libgcc.a
LOAD /usr/lib/gcc/i686-linux-gnu/5/libgcc_s.so
LOAD /usr/lib/gcc/i686-linux-gnu/5/crtendS.o
LOAD /usr/lib/gcc/i686-linux-gnu/5/../../../i386-linux-gnu/crtn.o
                0x0000000000000114                . = (0x0 + SIZEOF_HEADERS)

.note.gnu.build-id
                0x0000000000000114       0x24
 *(.note.gnu.build-id)
 .note.gnu.build-id
                0x0000000000000114       0x24 /usr/lib/gcc/i686-linux-gnu/5/../../../i386-linux-gnu/crti.o

.hash
 *(.hash)

.gnu.hash       0x0000000000000138     0x13d8
 *(.gnu.hash)
 .gnu.hash      0x0000000000000138     0x13d8 /usr/lib/gcc/i686-linux-gnu/5/../../../i386-linux-gnu/crti.o

.dynsym         0x0000000000001510     0x2800
 *(.dynsym)
 .dynsym        0x0000000000001510     0x2800 /usr/lib/gcc/i686-linux-gnu/5/../../../i386-linux-gnu/crti.o

.dynstr         0x0000000000003d10     0x2bb5
 *(.dynstr)
 .dynstr        0x0000000000003d10     0x2bb5 /usr/lib/gcc/i686-linux-gnu/5/../../../i386-linux-gnu/crti.o

.gnu.version    0x00000000000068c6      0x500
 *(.gnu.version)
 .gnu.version   0x00000000000068c6      0x500 /usr/lib/gcc/i686-linux-gnu/5/../../../i386-linux-gnu/crti.o

.gnu.version_d  0x0000000000006dc8        0x0
 *(.gnu.version_d)
 .gnu.version_d
                0x0000000000006dc8        0x0 /usr/lib/gcc/i686-linux-gnu/5/../../../i386-linux-gnu/crti.o

.gnu.version_r  0x0000000000006dc8       0x40
 *(.gnu.version_r)
 .gnu.version_r
                0x0000000000006dc8       0x40 /usr/lib/gcc/i686-linux-gnu/5/../../../i386-linux-gnu/crti.o

.rel.dyn        0x0000000000006e08     0xae78
 *(.rel.init)
 .rel.init      0x0000000000006e08        0x0 /usr/lib/gcc/i686-linux-gnu/5/../../../i386-linux-gnu/crti.o
 *(.rel.text .rel.text.* .rel.gnu.linkonce.t.*)
 .rel.text      0x0000000000006e08     0xa540 /usr/lib/gcc/i686-linux-gnu/5/../../../i386-linux-gnu/crti.o
 *(.rel.fini)
 .rel.fini      0x0000000000011348        0x0 /usr/lib/gcc/i686-linux-gnu/5/../../../i386-linux-gnu/crti.o
 *(.rel.rodata .rel.rodata.* .rel.gnu.linkonce.r.*)
 .rel.rodata    0x0000000000011348      0x580 /usr/lib/gcc/i686-linux-gnu/5/../../../i386-linux-gnu/crti.o
 *(.rel.data.rel.ro .rel.data.rel.ro.* .rel.gnu.linkonce.d.rel.ro.*)
 *(.rel.data .rel.data.* .rel.gnu.linkonce.d.*)
 .rel.data.rel.local
                0x00000000000118c8        0x8 /usr/lib/gcc/i686-linux-gnu/5/../../../i386-linux-gnu/crti.o
 .rel.data      0x00000000000118d0      0x378 /usr/lib/gcc/i686-linux-gnu/5/../../../i386-linux-gnu/crti.o
 *(.rel.tdata .rel.tdata.* .rel.gnu.linkonce.td.*)
 *(.rel.tbss .rel.tbss.* .rel.gnu.linkonce.tb.*)
 *(.rel.ctors)
 *(.rel.dtors)
 *(.rel.got)
 .rel.got       0x0000000000011c48       0x28 /usr/lib/gcc/i686-linux-gnu/5/../../../i386-linux-gnu/crti.o
 *(.rel.bss .rel.bss.* .rel.gnu.linkonce.b.*)
 *(.rel.ifunc)
 .rel.ifunc     0x0000000000011c70        0x0 /usr/lib/gcc/i686-linux-gnu/5/../../../i386-linux-gnu/crti.o
 .rel.fini_array
                0x0000000000011c70        0x8 /usr/lib/gcc/i686-linux-gnu/5/../../../i386-linux-gnu/crti.o
 .rel.init_array
                0x0000000000011c78        0x8 /usr/lib/gcc/i686-linux-gnu/5/../../../i386-linux-gnu/crti.o

.rel.plt        0x0000000000011c80        0x0
 *(.rel.plt)
 .rel.plt       0x0000000000011c80        0x0 /usr/lib/gcc/i686-linux-gnu/5/../../../i386-linux-gnu/crti.o
 *(.rel.iplt)

.init           0x0000000000011c80       0x23
 *(SORT(.init))
 .init          0x0000000000011c80       0x1e /usr/lib/gcc/i686-linux-gnu/5/../../../i386-linux-gnu/crti.o
                0x0000000000011c80                _init
 .init          0x0000000000011c9e        0x5 /usr/lib/gcc/i686-linux-gnu/5/../../../i386-linux-gnu/crtn.o

.plt            0x0000000000011cb0       0x10
 *(.plt)
 .plt           0x0000000000011cb0       0x10 /usr/lib/gcc/i686-linux-gnu/5/../../../i386-linux-gnu/crti.o
 *(.iplt)

.plt.got        0x0000000000011cc0       0x10
 *(.plt.got)
 .plt.got       0x0000000000011cc0       0x10 /usr/lib/gcc/i686-linux-gnu/5/../../../i386-linux-gnu/crti.o

.text           0x0000000000011cd0    0x1b12f
 *(.text.unlikely .text.*_unlikely .text.unlikely.*)
 .text.unlikely
                0x0000000000011cd0        0x0 /usr/lib/gcc/i686-linux-gnu/5/crtbeginS.o
 *(.text.exit .text.exit.*)
 *(.text.startup .text.startup.*)
 *(.text.hot .text.hot.*)
 *(.text .stub .text.* .gnu.linkonce.t.*)
 .text          0x0000000000011cd0        0x0 /usr/lib/gcc/i686-linux-gnu/5/../../../i386-linux-gnu/crti.o
 .gnu.linkonce.t.__x86.get_pc_thunk.bx
                0x0000000000011cd0        0x4 /usr/lib/gcc/i686-linux-gnu/5/../../../i386-linux-gnu/crti.o
                0x0000000000011cd0                __x86.get_pc_thunk.bx
 *fill*         0x0000000000011cd4        0xc 
 .text          0x0000000000011ce0      0x11c /usr/lib/gcc/i686-linux-gnu/5/crtbeginS.o
 .text.__x86.get_pc_thunk.dx
                0x0000000000011dfc        0x4 /usr/lib/gcc/i686-linux-gnu/5/crtbeginS.o
                0x0000000000011dfc                __x86.get_pc_thunk.dx
 .text          0x0000000000011e00     0x18a0 mqtt-client.o
 .text          0x00000000000136a0      0x271 obj_cooja/mtype478.o
                0x0000000000013732                platform_init_stage_one
                0x0000000000013738                platform_init_stage_two
                0x0000000000013746                platform_init_stage_three
                0x0000000000013759                platform_main_loop
                0x00000000000137cc                Java_org_contikios_cooja_corecomm_Lib4_init
                0x0000000000013803                Java_org_contikios_cooja_corecomm_Lib4_getMemory
                0x0000000000013836                Java_org_contikios_cooja_corecomm_Lib4_setMemory
                0x0000000000013896                Java_org_contikios_cooja_corecomm_Lib4_tick
                0x00000000000138fe                Java_org_contikios_cooja_corecomm_Lib4_setReferenceAddress
 .text          0x0000000000013911       0x65 obj_cooja/mtype478.a(simEnvChange.o)
                0x0000000000013911                doActionsBeforeTick
                0x0000000000013943                doActionsAfterTick
 .text          0x0000000000013976       0x83 obj_cooja/mtype478.a(cooja_mt.o)
                0x0000000000013976                cooja_mt_start
                0x00000000000139a0                cooja_mt_exec
                0x00000000000139d6                cooja_mt_yield
 .text          0x00000000000139f9       0xbe obj_cooja/mtype478.a(cooja_mtarch.o)
                0x00000000000139f9                cooja_mtarch_start
                0x0000000000013a6c                cooja_sw
                0x0000000000013a8f                cooja_mtarch_exec
                0x0000000000013aac                cooja_mtarch_yield
 .text          0x0000000000013ab7       0xc5 obj_cooja/mtype478.a(rtimer-arch.o)
                0x0000000000013ab7                rtimer_arch_init
                0x0000000000013adb                rtimer_arch_schedule
                0x0000000000013b0b                rtimer_arch_next
                0x0000000000013b1b                rtimer_arch_pending
                0x0000000000013b25                rtimer_arch_check
                0x0000000000013b6c                rtimer_arch_now
 .text          0x0000000000013b7c       0x81 obj_cooja/mtype478.a(beep.o)
                0x0000000000013b7c                beep_alarm
                0x0000000000013b89                beep_beep
                0x0000000000013b96                beep
                0x0000000000013ba3                beep_down
                0x0000000000013bb0                beep_on
                0x0000000000013bbd                beep_off
                0x0000000000013bca                beep_spinup
                0x0000000000013bd7                beep_quick
                0x0000000000013be4                beep_long
 .text          0x0000000000013bfd      0x10d obj_cooja/mtype478.a(button-sensor.o)
 .text          0x0000000000013d0a       0x49 obj_cooja/mtype478.a(leds-arch.o)
                0x0000000000013d0a                leds_arch_init
                0x0000000000013d17                leds_arch_get
                0x0000000000013d23                leds_arch_set
 .text          0x0000000000013d53       0x35 obj_cooja/mtype478.a(moteid.o)
 .text          0x0000000000013d88       0xb7 obj_cooja/mtype478.a(pir-sensor.o)
 .text          0x0000000000013e3f      0x148 obj_cooja/mtype478.a(rs232.o)
                0x0000000000013e3f                rs232_init
                0x0000000000013e45                rs232_set_speed
                0x0000000000013e54                rs232_set_input
                0x0000000000013e62                rs232_send
                0x0000000000013e86                rs232_print
                0x0000000000013ea2                slip_arch_writeb
 .text          0x0000000000013f87       0xb7 obj_cooja/mtype478.a(vib-sensor.o)
 .text          0x000000000001403e       0x38 obj_cooja/mtype478.a(clock.o)
                0x000000000001403e                clock_init
                0x0000000000014044                clock_time
                0x000000000001404e                clock_seconds
                0x0000000000014064                clock_delay
 .text          0x0000000000014076      0x219 obj_cooja/mtype478.a(cooja-log.o)
                0x0000000000014076                simlog_char
                0x00000000000140b9                simlog
                0x000000000001412f                log_message
                0x0000000000014160                log_set_putchar_with_slip
                0x000000000001416e                log_putchar
                0x00000000000141e9                log_puts
                0x0000000000014211                log_printf
 .text          0x000000000001428f      0x2b9 obj_cooja/mtype478.a(cfs-cooja.o)
                0x000000000001428f                cfs_open
                0x00000000000142f8                cfs_close
                0x0000000000014305                cfs_read
                0x000000000001439a                cfs_write
                0x0000000000014476                cfs_seek
                0x00000000000144fe                cfs_remove
                0x0000000000014522                cfs_opendir
                0x000000000001452c                cfs_readdir
                0x0000000000014536                cfs_closedir
 .text          0x0000000000014548      0x605 obj_cooja/mtype478.a(cooja-radio.o)
                0x000000000001458a                radio_set_channel
                0x0000000000014598                radio_set_txpower
                0x00000000000145b0                radio_signal_strength_last
                0x00000000000145ba                radio_signal_strength_current
                0x00000000000145c4                radio_LQI
 .text          0x0000000000014b4d       0xee obj_cooja/mtype478.a(eeprom.o)
                0x0000000000014b4d                eeprom_init
                0x0000000000014b53                eeprom_read
                0x0000000000014bc1                eeprom_write
 .text          0x0000000000014c3b       0x2d obj_cooja/mtype478.a(random.o)
                0x0000000000014c3b                random_init
                0x0000000000014c5b                random_rand
 .text          0x0000000000014c68      0x29c obj_cooja/mtype478.a(sensors.o)
                0x0000000000014ca3                sensors_first
                0x0000000000014cad                sensors_next
                0x0000000000014cc7                sensors_changed
                0x0000000000014cfb                sensors_find
 .text          0x0000000000014f04     0x3779 obj_cooja/mtype478.a(mqtt.o)
                0x00000000000180a7                mqtt_init
                0x0000000000018165                mqtt_register
                0x0000000000018202                mqtt_connect
                0x0000000000018314                mqtt_disconnect
                0x0000000000018352                mqtt_subscribe
                0x000000000001840f                mqtt_unsubscribe
                0x00000000000184bd                mqtt_publish
                0x000000000001859e                mqtt_set_username_password
                0x0000000000018629                mqtt_set_last_will
 .text          0x000000000001867d      0x328 obj_cooja/mtype478.a(contiki-main.o)
                0x000000000001867d                main
 .text          0x00000000000189a5       0x92 obj_cooja/mtype478.a(autostart.o)
                0x00000000000189a5                autostart_start
                0x00000000000189ef                autostart_exit
 .text          0x0000000000018a37      0x355 obj_cooja/mtype478.a(ctimer.o)
                0x0000000000018b5f                ctimer_init
                0x0000000000018b92                ctimer_set
                0x0000000000018bb8                ctimer_set_with_process
                0x0000000000018c35                ctimer_reset
                0x0000000000018c89                ctimer_restart
                0x0000000000018cdd                ctimer_stop
                0x0000000000018d2d                ctimer_expired
 .text          0x0000000000018d8c       0x1b obj_cooja/mtype478.a(energest.o)
                0x0000000000018d8c                energest_init
                0x0000000000018d92                energest_flush
                0x0000000000018d98                energest_get_total_time
 .text          0x0000000000018da7      0x43f obj_cooja/mtype478.a(etimer.o)
                0x0000000000018fcb                etimer_request_poll
                0x0000000000019054                etimer_set
                0x000000000001907d                etimer_reset_with_new_interval
                0x00000000000190ac                etimer_reset
                0x00000000000190d2                etimer_restart
                0x00000000000190f8                etimer_adjust
                0x0000000000019115                etimer_expired
                0x0000000000019128                etimer_expiration_time
                0x000000000001913a                etimer_start_time
                0x0000000000019144                etimer_pending
                0x0000000000019156                etimer_next_expiration_time
                0x0000000000019170                etimer_stop
 .text          0x00000000000191e6      0x394 obj_cooja/mtype478.a(log.o)
                0x00000000000191e6                log_6addr
                0x0000000000019239                log_6addr_compact_snprint
                0x00000000000192d7                log_6addr_compact
                0x000000000001932a                log_lladdr
                0x000000000001939c                log_lladdr_compact
                0x0000000000019404                log_set_level
                0x00000000000194bf                log_get_level
                0x0000000000019538                log_level_to_str
 .text          0x000000000001957a      0x4fb obj_cooja/mtype478.a(process.o)
                0x000000000001957a                process_alloc_event
                0x000000000001958f                process_start
                0x0000000000019769                process_exit
                0x0000000000019786                process_init
                0x000000000001991b                process_run
                0x000000000001994e                process_nevents
                0x0000000000019969                process_post
                0x00000000000199fc                process_post_synch
                0x0000000000019a31                process_poll
                0x0000000000019a61                process_is_running
 .text          0x0000000000019a75       0xeb obj_cooja/mtype478.a(rtimer.o)
                0x0000000000019a75                rtimer_init
                0x0000000000019a83                rtimer_set
                0x0000000000019afe                rtimer_run_next
 .text          0x0000000000019b60       0x25 obj_cooja/mtype478.a(node-id.o)
                0x0000000000019b60                node_id_init
 .text          0x0000000000019b85       0x9c obj_cooja/mtype478.a(timer.o)
                0x0000000000019b85                timer_set
                0x0000000000019ba3                timer_reset
                0x0000000000019bbb                timer_restart
                0x0000000000019bd0                timer_expired
                0x0000000000019bfd                timer_remaining
 .text          0x0000000000019c21      0x1eb obj_cooja/mtype478.a(serial-line.o)
                0x0000000000019c21                serial_line_input_byte
                0x0000000000019dd7                serial_line_init
 .text          0x0000000000019e0c      0x28f obj_cooja/mtype478.a(list.o)
                0x0000000000019e0c                list_init
                0x0000000000019e1b                list_head
                0x0000000000019e25                list_copy
                0x0000000000019e35                list_tail
                0x0000000000019e6b                list_add
                0x0000000000019eb7                list_push
                0x0000000000019ee3                list_chop
                0x0000000000019f4d                list_pop
                0x0000000000019f75                list_remove
                0x0000000000019fdd                list_length
                0x000000000001a00b                list_insert
                0x000000000001a050                list_item_next
                0x000000000001a067                list_contains
 .text          0x000000000001a09b      0x156 obj_cooja/mtype478.a(ringbuf.o)
                0x000000000001a09b                ringbuf_init
                0x000000000001a0cd                ringbuf_put
                0x000000000001a14b                ringbuf_get
                0x000000000001a1b8                ringbuf_size
                0x000000000001a1ca                ringbuf_elements
 .text          0x000000000001a1f1      0x78b obj_cooja/mtype478.a(nbr-table.o)
                0x000000000001a66a                nbr_table_register
                0x000000000001a6d7                nbr_table_is_registered
                0x000000000001a712                nbr_table_head
                0x000000000001a76d                nbr_table_next
                0x000000000001a7ce                nbr_table_add_lladdr
                0x000000000001a898                nbr_table_get_from_lladdr
                0x000000000001a8e4                nbr_table_remove
                0x000000000001a91c                nbr_table_lock
                0x000000000001a936                nbr_table_unlock
                0x000000000001a950                nbr_table_get_lladdr
 .text          0x000000000001a97c      0x407 obj_cooja/mtype478.a(packetbuf.o)
                0x000000000001a97c                packetbuf_clear
                0x000000000001a9a7                packetbuf_copyfrom
                0x000000000001a9f6                packetbuf_copyto
                0x000000000001aa89                packetbuf_hdralloc
                0x000000000001ab05                packetbuf_hdrreduce
                0x000000000001ab4b                packetbuf_set_datalen
                0x000000000001ab65                packetbuf_dataptr
                0x000000000001ab82                packetbuf_hdrptr
                0x000000000001ab8c                packetbuf_datalen
                0x000000000001ab98                packetbuf_hdrlen
                0x000000000001abaf                packetbuf_totlen
                0x000000000001abc5                packetbuf_remaininglen
                0x000000000001abd8                packetbuf_attr_clear
                0x000000000001ac24                packetbuf_attr_copyto
                0x000000000001ac7c                packetbuf_attr_copyfrom
                0x000000000001acd4                packetbuf_set_attr
                0x000000000001acfe                packetbuf_attr
                0x000000000001ad18                packetbuf_set_addr
                0x000000000001ad49                packetbuf_addr
                0x000000000001ad66                packetbuf_holds_broadcast
 .text          0x000000000001ad83       0xef obj_cooja/mtype478.a(netstack.o)
                0x000000000001ad83                netstack_process_ip_callback
                0x000000000001ae14                netstack_ip_packet_processor_add
                0x000000000001ae37                uip_ds6_ip_packet_processor_rm
                0x000000000001ae54                netstack_init
 .text          0x000000000001ae72       0x4f obj_cooja/mtype478.a(linkaddr.o)
                0x000000000001ae72                linkaddr_copy
                0x000000000001ae88                linkaddr_cmp
                0x000000000001aeab                linkaddr_set_node_addr
 .text          0x000000000001aec1      0x165 obj_cooja/mtype478.a(csma.o)
 .text          0x000000000001b026      0x944 obj_cooja/mtype478.a(csma-output.o)
                0x000000000001b69f                csma_output_packet
                0x000000000001b92c                csma_output_init
 .text          0x000000000001b96a      0xb2a obj_cooja/mtype478.a(uip-ds6.o)
                0x000000000001b96a                uip_ds6_init
                0x000000000001bb15                uip_ds6_periodic
                0x000000000001bba1                uip_ds6_list_loop
                0x000000000001bc61                uip_ds6_prefix_add
                0x000000000001bd0d                uip_ds6_prefix_rm
                0x000000000001bd20                uip_ds6_prefix_lookup
                0x000000000001bd5f                uip_ds6_is_addr_onlink
                0x000000000001bdd2                uip_ds6_addr_add
                0x000000000001bef2                uip_ds6_addr_rm
                0x000000000001bf9b                uip_ds6_addr_lookup
                0x000000000001bfd4                uip_ds6_get_link_local
                0x000000000001c055                uip_ds6_get_global
                0x000000000001c0d6                uip_ds6_maddr_add
                0x000000000001c136                uip_ds6_maddr_rm
                0x000000000001c149                uip_ds6_maddr_lookup
                0x000000000001c182                uip_ds6_aaddr_add
                0x000000000001c1e2                uip_ds6_aaddr_rm
                0x000000000001c1f5                uip_ds6_aaddr_lookup
                0x000000000001c22e                uip_ds6_select_src
                0x000000000001c377                uip_ds6_set_addr_iid
                0x000000000001c3a2                uip_ds6_set_lladdr_from_iid
                0x000000000001c3cb                get_match_length
                0x000000000001c45c                uip_ds6_compute_reachable_time
 .text          0x000000000001c494      0x9d5 obj_cooja/mtype478.a(tcp-socket.o)
                0x000000000001cadf                tcp_socket_register
                0x000000000001cb70                tcp_socket_connect
                0x000000000001cc07                tcp_socket_listen
                0x000000000001cc7e                tcp_socket_unlisten
                0x000000000001ccf2                tcp_socket_send
                0x000000000001cd92                tcp_socket_send_str
                0x000000000001cdba                tcp_socket_close
                0x000000000001cde3                tcp_socket_unregister
                0x000000000001ce3d                tcp_socket_max_sendlen
                0x000000000001ce5a                tcp_socket_queuelen
 .text          0x000000000001ce69      0xba5 obj_cooja/mtype478.a(tcpip.o)
                0x000000000001ce83                tcpip_output
                0x000000000001cf67                tcp_connect
                0x000000000001cfbf                tcp_unlisten
                0x000000000001d01f                tcp_listen
                0x000000000001d07d                tcp_attach
                0x000000000001d095                udp_attach
                0x000000000001d0ad                udp_new
                0x000000000001d0f7                udp_broadcast_new
                0x000000000001d37c                tcpip_input
                0x000000000001d641                tcpip_ipv6_output
                0x000000000001d863                tcpip_poll_udp
                0x000000000001d881                tcpip_poll_tcp
                0x000000000001d89f                tcpip_uipcall
 .text          0x000000000001da0e      0x35b obj_cooja/mtype478.a(uip-ds6-route.o)
                0x000000000001da5f                uip_ds6_route_init
                0x000000000001da89                uip_ds6_route_nexthop
                0x000000000001da93                uip_ds6_route_head
                0x000000000001da9d                uip_ds6_route_next
                0x000000000001daa7                uip_ds6_route_is_nexthop
                0x000000000001dab1                uip_ds6_route_num_routes
                0x000000000001dabb                uip_ds6_route_lookup
                0x000000000001dac5                uip_ds6_route_add
                0x000000000001dad8                uip_ds6_route_rm
                0x000000000001dade                uip_ds6_route_rm_by_nexthop
                0x000000000001dae4                uip_ds6_defrt_head
                0x000000000001dafd                uip_ds6_defrt_add
                0x000000000001dbab                uip_ds6_defrt_rm
                0x000000000001dc11                uip_ds6_defrt_lookup
                0x000000000001dc78                uip_ds6_defrt_choose
                0x000000000001dcee                uip_ds6_defrt_periodic
 .text          0x000000000001dd69     0x281f obj_cooja/mtype478.a(uip6.o)
                0x000000000001dd69                uip_add32
                0x000000000001df03                uip_chksum
                0x000000000001dfe4                uip_icmp6chksum
                0x000000000001dff9                uip_tcpchksum
                0x000000000001e00e                uip_udpchksum
                0x000000000001e023                uip_init
                0x000000000001e0ae                uip_connect
                0x000000000001e237                remove_ext_hdr
                0x000000000001e31c                uip_udp_new
                0x000000000001e43e                uip_unlisten
                0x000000000001e480                uip_listen
                0x000000000001e721                uip_process
                0x0000000000020483                uip_htons
                0x00000000000204a5                uip_htonl
                0x00000000000204e3                uip_send
 .text          0x0000000000020588      0x6fa obj_cooja/mtype478.a(uip-ds6-nbr.o)
                0x0000000000020588                uip_ds6_neighbors_init
                0x00000000000205ac                uip_ds6_nbr_add
                0x0000000000020686                uip_ds6_nbr_rm
                0x00000000000206d1                uip_ds6_nbr_update_ll
                0x00000000000207bf                uip_ds6_nbr_get_ipaddr
                0x00000000000207d4                uip_ds6_nbr_get_ll
                0x00000000000207f0                uip_ds6_nbr_num
                0x0000000000020839                uip_ds6_nbr_head
                0x0000000000020852                uip_ds6_nbr_next
                0x000000000002086e                uip_ds6_nbr_lookup
                0x00000000000208d1                uip_ds6_nbr_ll_lookup
                0x00000000000208ed                uip_ds6_nbr_ipaddr_from_lladdr
                0x0000000000020916                uip_ds6_nbr_lladdr_from_ipaddr
                0x000000000002094a                uip_ds6_link_callback
                0x0000000000020950                uip_ds6_neighbor_periodic
                0x0000000000020bbb                uip_ds6_nbr_refresh_reachable_state
                0x0000000000020bfd                uip_ds6_get_least_lifetime_neighbor
 .text          0x0000000000020c82      0xe2b obj_cooja/mtype478.a(uip-nd6.o)
                0x000000000002131e                uip_nd6_ns_output
                0x0000000000021a84                uip_nd6_init
 .text          0x0000000000021aad      0x37a obj_cooja/mtype478.a(simple-udp.o)
                0x0000000000021ada                simple_udp_send
                0x0000000000021b3d                simple_udp_sendto
                0x0000000000021b98                simple_udp_sendto_port
                0x0000000000021bf1                simple_udp_register
 .text          0x0000000000021e27     0x2a78 obj_cooja/mtype478.a(sicslowpan.o)
                0x0000000000022325                netstack_sniffer_add
                0x0000000000022333                netstack_sniffer_remove
                0x000000000002486b                sicslowpan_init
                0x0000000000024895                sicslowpan_get_last_rssi
 .text          0x000000000002489f      0x4d1 obj_cooja/mtype478.a(uiplib.o)
                0x000000000002489f                uiplib_ip6addrconv
                0x0000000000024a57                uiplib_ip4addrconv
                0x0000000000024b1a                uiplib_ipaddr_print
                0x0000000000024b6d                uiplib_ipaddr_snprint
 .text          0x0000000000024d70      0x1c8 obj_cooja/mtype478.a(rpl-nbr-policy.)
                0x0000000000024ef5                rpl_nbr_policy_find_removable
 .text          0x0000000000024f38      0x978 obj_cooja/mtype478.a(rpl-neighbor.o)
                0x0000000000024fb4                rpl_neighbor_snprint
                0x0000000000025261                rpl_neighbor_print_list
                0x0000000000025316                rpl_neighbor_count
                0x00000000000253f7                rpl_neighbor_get_from_lladdr
                0x0000000000025413                rpl_neighbor_is_acceptable_parent
                0x0000000000025447                rpl_neighbor_get_link_metric
                0x000000000002547b                rpl_neighbor_rank_via_nbr
                0x00000000000254af                rpl_neighbor_get_lladdr
                0x00000000000254cb                rpl_neighbor_get_ipaddr
                0x00000000000254f2                rpl_neighbor_get_link_stats
                0x0000000000025519                rpl_neighbor_is_fresh
                0x0000000000025540                rpl_neighbor_is_reachable
                0x00000000000255b4                rpl_neighbor_is_parent
                0x00000000000255de                rpl_neighbor_set_preferred_parent
                0x000000000002566a                rpl_neighbor_remove_all
                0x00000000000256b9                rpl_neighbor_get_from_ipaddr
                0x00000000000257e5                rpl_neighbor_select_best
                0x0000000000025891                rpl_neighbor_init
 .text          0x00000000000258b0      0xa19 obj_cooja/mtype478.a(rpl-timers.o)
                0x00000000000258b0                rpl_timers_schedule_periodic_dis
                0x00000000000259fe                rpl_timers_dio_reset
                0x0000000000025aef                rpl_timers_schedule_unicast_dio
                0x0000000000025c75                rpl_timers_schedule_dao
                0x0000000000025daf                rpl_timers_schedule_dao_ack
                0x0000000000025e35                get_probing_delay
                0x0000000000025e69                get_probing_target
                0x0000000000026053                rpl_schedule_probing
                0x0000000000026081                rpl_schedule_probing_now
                0x00000000000260eb                rpl_timers_unschedule_leaving
                0x0000000000026123                rpl_timers_schedule_leaving
                0x0000000000026164                rpl_timers_init
                0x00000000000261f4                rpl_timers_stop_dag_timers
                0x000000000002626d                rpl_timers_unschedule_state_update
                0x0000000000026291                rpl_timers_schedule_state_update
 .text          0x00000000000262c9      0x4c9 obj_cooja/mtype478.a(rpl.o)
                0x00000000000262c9                rpl_lollipop_greater_than
                0x0000000000026323                rpl_get_global_address
                0x000000000002641b                rpl_link_callback
                0x000000000002645f                rpl_has_joined
                0x0000000000026484                rpl_is_reachable
                0x0000000000026505                rpl_reset_prefix
                0x000000000002656f                rpl_set_prefix_from_addr
                0x0000000000026654                rpl_set_prefix
                0x000000000002676e                rpl_set_leaf_only
                0x0000000000026786                rpl_get_leaf_only
 .text          0x0000000000026792     0x13cb obj_cooja/mtype478.a(rpl-icmp6.o)
                0x00000000000268b7                rpl_icmp6_update_nbr_table
                0x0000000000026950                rpl_icmp6_dis_output
                0x0000000000026fa6                rpl_icmp6_dio_output
                0x00000000000277b3                rpl_icmp6_dao_output
                0x0000000000027aa4                rpl_icmp6_dao_ack_output
                0x0000000000027b14                rpl_icmp6_init
 .text          0x0000000000027b5d      0xe51 obj_cooja/mtype478.a(rpl-dag.o)
                0x0000000000027b5d                rpl_dag_state_to_str
                0x0000000000027b9c                rpl_dag_get_root_ipaddr
                0x0000000000027be4                rpl_dag_leave
                0x0000000000027c6d                rpl_dag_poison_and_leave
                0x0000000000027c85                rpl_dag_periodic
                0x0000000000027d0d                rpl_is_addr_in_our_dag
                0x0000000000027d51                rpl_get_default_instance
                0x0000000000027d6d                rpl_get_any_dag
                0x0000000000027dc6                rpl_refresh_routes
                0x0000000000027e06                rpl_global_repair
                0x0000000000027e92                rpl_local_repair
                0x0000000000027edc                rpl_dag_ready_to_advertise
                0x0000000000027f1f                rpl_dag_update_state
                0x0000000000028643                rpl_process_dio
                0x00000000000286c4                rpl_process_dis
                0x0000000000028709                rpl_process_dao
                0x0000000000028798                rpl_process_dao_ack
                0x000000000002882a                rpl_process_hbh
                0x000000000002887a                rpl_dag_init_root
                0x000000000002898e                rpl_dag_init
 .text          0x00000000000289ae      0x286 obj_cooja/mtype478.a(rpl-dag-root.o)
                0x00000000000289ae                rpl_dag_root_print_links
                0x0000000000028afc                rpl_dag_root_set_prefix
                0x0000000000028b28                rpl_dag_root_start
                0x0000000000028c05                rpl_dag_root_is_root
 .text          0x0000000000028c34       0x1e obj_cooja/mtype478.a(watchdog.o)
                0x0000000000028c34                watchdog_init
                0x0000000000028c3a                watchdog_start
                0x0000000000028c40                watchdog_periodic
                0x0000000000028c46                watchdog_stop
                0x0000000000028c4c                watchdog_reboot
 .text          0x0000000000028c52       0xb2 obj_cooja/mtype478.a(stimer.o)
                0x0000000000028c52                stimer_set
                0x0000000000028c70                stimer_reset
                0x0000000000028c88                stimer_restart
                0x0000000000028c9d                stimer_expired
                0x0000000000028cc8                stimer_remaining
                0x0000000000028cec                stimer_elapsed
 .text          0x0000000000028d04      0x1b8 obj_cooja/mtype478.a(memb.o)
                0x0000000000028d04                memb_init
                0x0000000000028d59                memb_alloc
                0x0000000000028dbe                memb_free
                0x0000000000028e39                memb_inmemb
                0x0000000000028e78                memb_numfree
 .text          0x0000000000028ebc      0x2e7 obj_cooja/mtype478.a(queuebuf.o)
                0x0000000000028ec6                queuebuf_init
                0x0000000000028eef                queuebuf_numfree
                0x0000000000028f07                queuebuf_new_from_packetbuf
                0x0000000000028fa6                queuebuf_update_attr_from_packetbuf
                0x0000000000028fdb                queuebuf_update_from_packetbuf
                0x000000000002902b                queuebuf_free
                0x0000000000029074                queuebuf_to_packetbuf
                0x00000000000290e0                queuebuf_dataptr
                0x000000000002911a                queuebuf_datalen
                0x000000000002913d                queuebuf_addr
                0x0000000000029172                queuebuf_attr
                0x000000000002919d                queuebuf_debug_print
 .text          0x00000000000291a3      0x37c obj_cooja/mtype478.a(link-stats.o)
                0x00000000000291a3                link_stats_from_lladdr
                0x00000000000291bf                link_stats_is_fresh
                0x00000000000291fb                guess_etx_from_rssi
                0x0000000000029277                link_stats_packet_sent
                0x000000000002938a                link_stats_input_callback
                0x000000000002949a                link_stats_reset
                0x00000000000294ea                link_stats_init
 .text          0x000000000002951f      0x187 obj_cooja/mtype478.a(mac-sequence.o)
                0x000000000002951f                mac_sequence_is_duplicate
                0x00000000000295bf                mac_sequence_register_seqno
 .text          0x00000000000296a6       0x23 obj_cooja/mtype478.a(mac.o)
                0x00000000000296a6                mac_call_sent_callback
 .text          0x00000000000296c9      0x41d obj_cooja/mtype478.a(framer-802154.o)
                0x0000000000029858                framer_802154_setup_params
 .text          0x0000000000029ae6      0xb6f obj_cooja/mtype478.a(frame802154.o)
                0x0000000000029b17                frame802154_get_pan_id
                0x0000000000029b23                frame802154_set_pan_id
                0x0000000000029b3d                frame802154_has_panid
                0x0000000000029cec                frame802154_check_dest_panid
                0x0000000000029d74                frame802154_is_broadcast_addr
                0x0000000000029dc1                frame802154_extract_linkaddr
                0x000000000002a026                frame802154_hdrlen
                0x000000000002a099                frame802154_create_fcf
                0x000000000002a151                frame802154_create
                0x000000000002a2c6                frame802154_parse_fcf
                0x000000000002a3a8                frame802154_parse
 .text          0x000000000002a655      0x1ec obj_cooja/mtype478.a(uipbuf.o)
                0x000000000002a655                uipbuf_get_next_header
                0x000000000002a6c4                uipbuf_get_last_header
                0x000000000002a74b                uipbuf_get_attr
                0x000000000002a772                uipbuf_set_attr
                0x000000000002a7a9                uipbuf_clear_attr
                0x000000000002a7d5                uipbuf_set_attr_flag
                0x000000000002a7f6                uipbuf_clr_attr_flag
                0x000000000002a81d                uipbuf_is_attr_flag
 .text          0x000000000002a841      0x96e obj_cooja/mtype478.a(uip-icmp6.o)
                0x000000000002a8b6                uip_icmp6_input
                0x000000000002a90d                uip_icmp6_register_input_handler
                0x000000000002ab19                uip_icmp6_error_output
                0x000000000002ae78                uip_icmp6_send
                0x000000000002b137                uip_icmp6_echo_reply_callback_add
                0x000000000002b169                uip_icmp6_echo_reply_callback_rm
                0x000000000002b186                uip_icmp6_init
 .text          0x000000000002b1af      0x69b obj_cooja/mtype478.a(uip-sr.o)
                0x000000000002b1af                uip_sr_num_nodes
                0x000000000002b23d                uip_sr_get_node
                0x000000000002b294                uip_sr_is_addr_reachable
                0x000000000002b342                uip_sr_expire_parent
                0x000000000002b38b                uip_sr_update_node
                0x000000000002b4bb                uip_sr_init
                0x000000000002b4ef                uip_sr_node_head
                0x000000000002b508                uip_sr_node_next
                0x000000000002b51e                uip_sr_periodic
                0x000000000002b624                uip_sr_free_all
                0x000000000002b694                uip_sr_link_snprint
 .text          0x000000000002b84a      0x146 obj_cooja/mtype478.a(uip-packetqueue)
                0x000000000002b878                uip_packetqueue_new
                0x000000000002b887                uip_packetqueue_alloc
                0x000000000002b8e2                uip_packetqueue_free
                0x000000000002b929                uip_packetqueue_buf
                0x000000000002b946                uip_packetqueue_buflen
                0x000000000002b967                uip_packetqueue_set_buflen
 .text          0x000000000002b990      0x128 obj_cooja/mtype478.a(uip-udp-packet.)
                0x000000000002b990                uip_udp_packet_send
                0x000000000002b9eb                uip_udp_packet_sendto
 .text          0x000000000002bab8     0x102c obj_cooja/mtype478.a(rpl-ext-header.)
                0x000000000002bab8                rpl_ext_header_srh_get_next_hop
                0x000000000002bc34                rpl_ext_header_srh_update
                0x000000000002c32d                rpl_ext_header_hbh_update
                0x000000000002c882                rpl_ext_header_update
                0x000000000002c90b                rpl_ext_header_remove
 .text          0x000000000002cae4      0x31b obj_cooja/mtype478.a(rpl-mrhof.o)
 .text          0x000000000002cdff        0x0 /usr/lib/gcc/i686-linux-gnu/5/crtendS.o
 .text          0x000000000002cdff        0x0 /usr/lib/gcc/i686-linux-gnu/5/../../../i386-linux-gnu/crtn.o
 *(.gnu.warning)

.fini           0x000000000002ce00       0x14
 *(SORT(.fini))
 .fini          0x000000000002ce00        0xf /usr/lib/gcc/i686-linux-gnu/5/../../../i386-linux-gnu/crti.o
                0x000000000002ce00                _fini
 .fini          0x000000000002ce0f        0x5 /usr/lib/gcc/i686-linux-gnu/5/../../../i386-linux-gnu/crtn.o
                [!provide]                        PROVIDE (__etext, .)
                [!provide]                        PROVIDE (_etext, .)
                [!provide]                        PROVIDE (etext, .)

.rodata         0x000000000002ce20      0xc3c
 *(.rodata .rodata.* .gnu.linkonce.r.*)
 .rodata        0x000000000002ce20      0x4a5 mqtt-client.o
                0x000000000002ce80                autostart_processes
 *fill*         0x000000000002d2c5        0x3 
 .rodata        0x000000000002d2c8        0x8 obj_cooja/mtype478.a(beep.o)
                0x000000000002d2c8                beep_interface
 .rodata        0x000000000002d2d0       0x20 obj_cooja/mtype478.a(button-sensor.o)
                0x000000000002d2d0                button_interface
                0x000000000002d2e0                button_sensor
 .rodata        0x000000000002d2f0        0x8 obj_cooja/mtype478.a(leds-arch.o)
                0x000000000002d2f0                leds_interface
 .rodata        0x000000000002d2f8        0x8 obj_cooja/mtype478.a(moteid.o)
                0x000000000002d2f8                moteid_interface
 .rodata        0x000000000002d300       0x1c obj_cooja/mtype478.a(pir-sensor.o)
                0x000000000002d300                pir_interface
                0x000000000002d30c                pir_sensor
 .rodata        0x000000000002d31c        0xe obj_cooja/mtype478.a(rs232.o)
                0x000000000002d31c                rs232_interface
 *fill*         0x000000000002d32a        0x2 
 .rodata        0x000000000002d32c       0x24 obj_cooja/mtype478.a(vib-sensor.o)
                0x000000000002d32c                vib_interface
                0x000000000002d340                vib_sensor
 .rodata        0x000000000002d350        0x8 obj_cooja/mtype478.a(clock.o)
                0x000000000002d350                clock_interface
 .rodata        0x000000000002d358        0x8 obj_cooja/mtype478.a(cooja-log.o)
                0x000000000002d358                simlog_interface
 .rodata        0x000000000002d360       0x2f obj_cooja/mtype478.a(cfs-cooja.o)
                0x000000000002d360                cfs_interface
 *fill*         0x000000000002d38f       0x11 
 .rodata        0x000000000002d3a0       0x58 obj_cooja/mtype478.a(cooja-radio.o)
                0x000000000002d3a0                radio_interface
                0x000000000002d3c0                cooja_radio_driver
 .rodata        0x000000000002d3f8        0x8 obj_cooja/mtype478.a(eeprom.o)
                0x000000000002d3f8                eeprom_interface
 .rodata        0x000000000002d400        0x8 obj_cooja/mtype478.a(sensors.o)
 .rodata        0x000000000002d408       0x14 obj_cooja/mtype478.a(mqtt.o)
 .rodata        0x000000000002d41c       0xf8 obj_cooja/mtype478.a(contiki-main.o)
 .rodata        0x000000000002d514        0xf obj_cooja/mtype478.a(ctimer.o)
 .rodata        0x000000000002d523        0xc obj_cooja/mtype478.a(etimer.o)
 *fill*         0x000000000002d52f        0x1 
 .rodata        0x000000000002d530       0xc0 obj_cooja/mtype478.a(log.o)
 .rodata        0x000000000002d5f0        0xe obj_cooja/mtype478.a(serial-line.o)
 *fill*         0x000000000002d5fe        0x2 
 .rodata        0x000000000002d600        0x8 obj_cooja/mtype478.a(linkaddr.o)
                0x000000000002d600                linkaddr_null
 .rodata        0x000000000002d608       0x20 obj_cooja/mtype478.a(csma.o)
                0x000000000002d610                csma_driver
 .rodata        0x000000000002d628       0x13 obj_cooja/mtype478.a(tcp-socket.o)
 .rodata        0x000000000002d63b        0xd obj_cooja/mtype478.a(tcpip.o)
 .rodata        0x000000000002d648       0x4d obj_cooja/mtype478.a(uip-ds6-route.o)
 *fill*         0x000000000002d695        0x3 
 .rodata        0x000000000002d698      0x13c obj_cooja/mtype478.a(uip6.o)
 .rodata        0x000000000002d7d4       0x13 obj_cooja/mtype478.a(simple-udp.o)
 *fill*         0x000000000002d7e7        0x1 
 .rodata        0x000000000002d7e8       0x30 obj_cooja/mtype478.a(sicslowpan.o)
                0x000000000002d7e8                unc_llconf
                0x000000000002d7ec                unc_ctxconf
                0x000000000002d7f0                unc_mxconf
                0x000000000002d7f4                llprefix
                0x000000000002d808                sicslowpan_driver
 .rodata        0x000000000002d818       0x2d obj_cooja/mtype478.a(uiplib.o)
 *fill*         0x000000000002d845        0x3 
 .rodata        0x000000000002d848       0x58 obj_cooja/mtype478.a(rpl-neighbor.o)
 .rodata        0x000000000002d8a0        0xc obj_cooja/mtype478.a(rpl-timers.o)
 *fill*         0x000000000002d8ac       0x14 
 .rodata        0x000000000002d8c0       0x70 obj_cooja/mtype478.a(rpl.o)
                0x000000000002d8e0                rpl_lite_driver
 .rodata        0x000000000002d930       0xdb obj_cooja/mtype478.a(rpl-dag.o)
 *fill*         0x000000000002da0b        0x1 
 .rodata        0x000000000002da0c        0xc obj_cooja/mtype478.a(framer-802154.o)
                0x000000000002da0c                framer_802154
 .rodata        0x000000000002da18       0x44 obj_cooja/mtype478.a(uip-sr.o)

.rodata1
 *(.rodata1)

.eh_frame_hdr   0x000000000002da5c     0x16a4
 *(.eh_frame_hdr)
 .eh_frame_hdr  0x000000000002da5c     0x16a4 mqtt-client.o
                0x000000000002da5c                __GNU_EH_FRAME_HDR
 *(.eh_frame_entry .eh_frame_entry.*)

.eh_frame       0x000000000002f100     0x5bc8
 *(.eh_frame)
 .eh_frame      0x000000000002f100       0x3c /usr/lib/gcc/i686-linux-gnu/5/../../../i386-linux-gnu/crti.o
                                         0x40 (size before relaxing)
 .eh_frame      0x000000000002f13c      0x1f8 mqtt-client.o
                                        0x210 (size before relaxing)
 .eh_frame      0x000000000002f334      0x178 obj_cooja/mtype478.o
                                        0x190 (size before relaxing)
 .eh_frame      0x000000000002f4ac       0x40 obj_cooja/mtype478.a(simEnvChange.o)
                                         0x58 (size before relaxing)
 .eh_frame      0x000000000002f4ec       0x60 obj_cooja/mtype478.a(cooja_mt.o)
                                         0x78 (size before relaxing)
 .eh_frame      0x000000000002f54c       0x80 obj_cooja/mtype478.a(cooja_mtarch.o)
                                         0x98 (size before relaxing)
 .eh_frame      0x000000000002f5cc       0xc8 obj_cooja/mtype478.a(rtimer-arch.o)
                                         0xe0 (size before relaxing)
 .eh_frame      0x000000000002f694      0x160 obj_cooja/mtype478.a(beep.o)
                                        0x178 (size before relaxing)
 .eh_frame      0x000000000002f7f4       0xa0 obj_cooja/mtype478.a(button-sensor.o)
                                         0xb8 (size before relaxing)
 .eh_frame      0x000000000002f894       0xa0 obj_cooja/mtype478.a(leds-arch.o)
                                         0xb8 (size before relaxing)
 .eh_frame      0x000000000002f934       0x40 obj_cooja/mtype478.a(moteid.o)
                                         0x58 (size before relaxing)
 .eh_frame      0x000000000002f974       0xa0 obj_cooja/mtype478.a(pir-sensor.o)
                                         0xb8 (size before relaxing)
 .eh_frame      0x000000000002fa14      0x100 obj_cooja/mtype478.a(rs232.o)
                                        0x118 (size before relaxing)
 .eh_frame      0x000000000002fb14       0xa0 obj_cooja/mtype478.a(vib-sensor.o)
                                         0xb8 (size before relaxing)
 .eh_frame      0x000000000002fbb4       0xc0 obj_cooja/mtype478.a(clock.o)
                                         0xd8 (size before relaxing)
 .eh_frame      0x000000000002fc74      0x120 obj_cooja/mtype478.a(cooja-log.o)
                                        0x138 (size before relaxing)
 .eh_frame      0x000000000002fd94      0x160 obj_cooja/mtype478.a(cfs-cooja.o)
                                        0x178 (size before relaxing)
 .eh_frame      0x000000000002fef4      0x340 obj_cooja/mtype478.a(cooja-radio.o)
                                        0x358 (size before relaxing)
 .eh_frame      0x0000000000030234       0xa0 obj_cooja/mtype478.a(eeprom.o)
                                         0xb8 (size before relaxing)
 .eh_frame      0x00000000000302d4       0x40 obj_cooja/mtype478.a(random.o)
                                         0x58 (size before relaxing)
 .eh_frame      0x0000000000030314       0xc0 obj_cooja/mtype478.a(sensors.o)
                                         0xd8 (size before relaxing)
 .eh_frame      0x00000000000303d4      0x4a4 obj_cooja/mtype478.a(mqtt.o)
                                        0x4bc (size before relaxing)
 .eh_frame      0x0000000000030878       0x30 obj_cooja/mtype478.a(contiki-main.o)
                                         0x48 (size before relaxing)
 .eh_frame      0x00000000000308a8       0x40 obj_cooja/mtype478.a(autostart.o)
                                         0x58 (size before relaxing)
 .eh_frame      0x00000000000308e8      0x100 obj_cooja/mtype478.a(ctimer.o)
                                        0x118 (size before relaxing)
 .eh_frame      0x00000000000309e8       0x60 obj_cooja/mtype478.a(energest.o)
                                         0x78 (size before relaxing)
 .eh_frame      0x0000000000030a48      0x1e0 obj_cooja/mtype478.a(etimer.o)
                                        0x1f8 (size before relaxing)
 .eh_frame      0x0000000000030c28      0x100 obj_cooja/mtype478.a(log.o)
                                        0x118 (size before relaxing)
 .eh_frame      0x0000000000030d28      0x1c4 obj_cooja/mtype478.a(process.o)
                                        0x1dc (size before relaxing)
 .eh_frame      0x0000000000030eec       0x60 obj_cooja/mtype478.a(rtimer.o)
                                         0x78 (size before relaxing)
 .eh_frame      0x0000000000030f4c       0x20 obj_cooja/mtype478.a(node-id.o)
                                         0x38 (size before relaxing)
 .eh_frame      0x0000000000030f6c       0xa4 obj_cooja/mtype478.a(timer.o)
                                         0xbc (size before relaxing)
 .eh_frame      0x0000000000031010       0x60 obj_cooja/mtype478.a(serial-line.o)
                                         0x78 (size before relaxing)
 .eh_frame      0x0000000000031070      0x1a0 obj_cooja/mtype478.a(list.o)
                                        0x1b8 (size before relaxing)
 .eh_frame      0x0000000000031210       0xa0 obj_cooja/mtype478.a(ringbuf.o)
                                         0xb8 (size before relaxing)
 .eh_frame      0x00000000000312b0      0x2ac obj_cooja/mtype478.a(nbr-table.o)
                                        0x2c4 (size before relaxing)
 .eh_frame      0x000000000003155c      0x28c obj_cooja/mtype478.a(packetbuf.o)
                                        0x2a4 (size before relaxing)
 .eh_frame      0x00000000000317e8       0x80 obj_cooja/mtype478.a(netstack.o)
                                         0x98 (size before relaxing)
 .eh_frame      0x0000000000031868       0x60 obj_cooja/mtype478.a(linkaddr.o)
                                         0x78 (size before relaxing)
 .eh_frame      0x00000000000318c8       0xa0 obj_cooja/mtype478.a(csma.o)
                                         0xb8 (size before relaxing)
 .eh_frame      0x0000000000031968      0x1d4 obj_cooja/mtype478.a(csma-output.o)
                                        0x1ec (size before relaxing)
 .eh_frame      0x0000000000031b3c      0x2e8 obj_cooja/mtype478.a(uip-ds6.o)
                                        0x300 (size before relaxing)
 .eh_frame      0x0000000000031e24      0x248 obj_cooja/mtype478.a(tcp-socket.o)
                                        0x260 (size before relaxing)
 .eh_frame      0x000000000003206c      0x32c obj_cooja/mtype478.a(tcpip.o)
                                        0x344 (size before relaxing)
 .eh_frame      0x0000000000032398      0x220 obj_cooja/mtype478.a(uip-ds6-route.o)
                                        0x238 (size before relaxing)
 .eh_frame      0x00000000000325b8      0x274 obj_cooja/mtype478.a(uip6.o)
                                        0x28c (size before relaxing)
 .eh_frame      0x000000000003282c      0x220 obj_cooja/mtype478.a(uip-ds6-nbr.o)
                                        0x238 (size before relaxing)
 .eh_frame      0x0000000000032a4c       0xcc obj_cooja/mtype478.a(uip-nd6.o)
                                         0xe4 (size before relaxing)
 .eh_frame      0x0000000000032b18       0xd4 obj_cooja/mtype478.a(simple-udp.o)
                                         0xec (size before relaxing)
 .eh_frame      0x0000000000032bec      0x2f8 obj_cooja/mtype478.a(sicslowpan.o)
                                        0x310 (size before relaxing)
 .eh_frame      0x0000000000032ee4       0x88 obj_cooja/mtype478.a(uiplib.o)
                                         0xa0 (size before relaxing)
 .eh_frame      0x0000000000032f6c       0x80 obj_cooja/mtype478.a(rpl-nbr-policy.)
                                         0x98 (size before relaxing)
 .eh_frame      0x0000000000032fec      0x2f4 obj_cooja/mtype478.a(rpl-neighbor.o)
                                        0x30c (size before relaxing)
 .eh_frame      0x00000000000332e0      0x368 obj_cooja/mtype478.a(rpl-timers.o)
                                        0x380 (size before relaxing)
 .eh_frame      0x0000000000033648      0x1e0 obj_cooja/mtype478.a(rpl.o)
                                        0x1f8 (size before relaxing)
 .eh_frame      0x0000000000033828      0x1c4 obj_cooja/mtype478.a(rpl-icmp6.o)
                                        0x1dc (size before relaxing)
 .eh_frame      0x00000000000339ec      0x370 obj_cooja/mtype478.a(rpl-dag.o)
                                        0x388 (size before relaxing)
 .eh_frame      0x0000000000033d5c       0xa0 obj_cooja/mtype478.a(rpl-dag-root.o)
                                         0xb8 (size before relaxing)
 .eh_frame      0x0000000000033dfc       0xa0 obj_cooja/mtype478.a(watchdog.o)
                                         0xb8 (size before relaxing)
 .eh_frame      0x0000000000033e9c       0xc4 obj_cooja/mtype478.a(stimer.o)
                                         0xdc (size before relaxing)
 .eh_frame      0x0000000000033f60       0xa0 obj_cooja/mtype478.a(memb.o)
                                         0xb8 (size before relaxing)
 .eh_frame      0x0000000000034000      0x1a0 obj_cooja/mtype478.a(queuebuf.o)
                                        0x1b8 (size before relaxing)
 .eh_frame      0x00000000000341a0      0x100 obj_cooja/mtype478.a(link-stats.o)
                                        0x118 (size before relaxing)
 .eh_frame      0x00000000000342a0       0x48 obj_cooja/mtype478.a(mac-sequence.o)
                                         0x60 (size before relaxing)
 .eh_frame      0x00000000000342e8       0x20 obj_cooja/mtype478.a(mac.o)
                                         0x38 (size before relaxing)
 .eh_frame      0x0000000000034308       0xa4 obj_cooja/mtype478.a(framer-802154.o)
                                         0xbc (size before relaxing)
 .eh_frame      0x00000000000343ac      0x1a4 obj_cooja/mtype478.a(frame802154.o)
                                        0x1bc (size before relaxing)
 .eh_frame      0x0000000000034550      0x100 obj_cooja/mtype478.a(uipbuf.o)
                                        0x118 (size before relaxing)
 .eh_frame      0x0000000000034650      0x160 obj_cooja/mtype478.a(uip-icmp6.o)
                                        0x178 (size before relaxing)
 .eh_frame      0x00000000000347b0      0x184 obj_cooja/mtype478.a(uip-sr.o)
                                        0x19c (size before relaxing)
 .eh_frame      0x0000000000034934       0xe0 obj_cooja/mtype478.a(uip-packetqueue)
                                         0xf8 (size before relaxing)
 .eh_frame      0x0000000000034a14       0x40 obj_cooja/mtype478.a(uip-udp-packet.)
                                         0x58 (size before relaxing)
 .eh_frame      0x0000000000034a54      0x128 obj_cooja/mtype478.a(rpl-ext-header.)
                                        0x140 (size before relaxing)
 .eh_frame      0x0000000000034b7c      0x148 obj_cooja/mtype478.a(rpl-mrhof.o)
                                        0x160 (size before relaxing)
 .eh_frame      0x0000000000034cc4        0x4 /usr/lib/gcc/i686-linux-gnu/5/crtendS.o
 *(.eh_frame.*)

.gcc_except_table
 *(.gcc_except_table .gcc_except_table.*)

.gnu_extab
 *(.gnu_extab*)

.exception_ranges
 *(.exception_ranges .exception_ranges*)
                0x0000000000035f10                . = DATA_SEGMENT_ALIGN (0x1000, 0x1000)

.eh_frame
 *(.eh_frame)
 *(.eh_frame.*)

.gnu_extab
 *(.gnu_extab)

.gcc_except_table
 *(.gcc_except_table .gcc_except_table.*)

.exception_ranges
 *(.exception_ranges .exception_ranges*)

.tdata
 *(.tdata .tdata.* .gnu.linkonce.td.*)

.tbss
 *(.tbss .tbss.* .gnu.linkonce.tb.*)
 *(.tcommon)

.preinit_array
 *(.preinit_array)

.init_array     0x0000000000035f10        0x4
 *(SORT(.init_array.*) SORT(.ctors.*))
 *(.init_array EXCLUDE_FILE(*crtend?.o *crtend.o *crtbegin?.o *crtbegin.o) .ctors)
 .init_array    0x0000000000035f10        0x4 /usr/lib/gcc/i686-linux-gnu/5/crtbeginS.o

.fini_array     0x0000000000035f14        0x4
 *(SORT(.fini_array.*) SORT(.dtors.*))
 *(.fini_array EXCLUDE_FILE(*crtend?.o *crtend.o *crtbegin?.o *crtbegin.o) .dtors)
 .fini_array    0x0000000000035f14        0x4 /usr/lib/gcc/i686-linux-gnu/5/crtbeginS.o

.ctors
 *crtbegin.o(.ctors)
 *crtbegin?.o(.ctors)
 *(EXCLUDE_FILE(*crtend?.o *crtend.o) .ctors)
 *(SORT(.ctors.*))
 *(.ctors)

.dtors
 *crtbegin.o(.dtors)
 *crtbegin?.o(.dtors)
 *(EXCLUDE_FILE(*crtend?.o *crtend.o) .dtors)
 *(SORT(.dtors.*))
 *(.dtors)

.jcr            0x0000000000035f18        0x4
 *(.jcr)
 .jcr           0x0000000000035f18        0x0 /usr/lib/gcc/i686-linux-gnu/5/crtbeginS.o
 .jcr           0x0000000000035f18        0x4 /usr/lib/gcc/i686-linux-gnu/5/crtendS.o

.data.rel.ro
 *(.data.rel.ro.local* .gnu.linkonce.d.rel.ro.local.*)
 *(.data.rel.ro .data.rel.ro.* .gnu.linkonce.d.rel.ro.*)

.dynamic        0x0000000000035f1c       0xd0
 *(.dynamic)
 .dynamic       0x0000000000035f1c       0xd0 /usr/lib/gcc/i686-linux-gnu/5/../../../i386-linux-gnu/crti.o
                0x0000000000035f1c                _DYNAMIC

.got            0x0000000000035fec       0x14
 *(.got)
 .got           0x0000000000035fec       0x14 /usr/lib/gcc/i686-linux-gnu/5/../../../i386-linux-gnu/crti.o
 *(.igot)
                0x0000000000036ff4                . = DATA_SEGMENT_RELRO_END (., (SIZEOF (.got.plt) >= 0xc)?0xc:0x0)

.got.plt        0x0000000000036000        0xc
 *(.got.plt)
 .got.plt       0x0000000000036000        0xc /usr/lib/gcc/i686-linux-gnu/5/../../../i386-linux-gnu/crti.o
                0x0000000000036000                _GLOBAL_OFFSET_TABLE_
 *(.igot.plt)

.data           0x0000000000036020      0x344
 *(.data .data.* .gnu.linkonce.d.*)
 .data          0x0000000000036020        0x0 /usr/lib/gcc/i686-linux-gnu/5/../../../i386-linux-gnu/crti.o
 .data          0x0000000000036020        0x0 /usr/lib/gcc/i686-linux-gnu/5/crtbeginS.o
 .data.rel.local
                0x0000000000036020        0x4 /usr/lib/gcc/i686-linux-gnu/5/crtbeginS.o
                0x0000000000036020                __dso_handle
 .data          0x0000000000036024       0x24 mqtt-client.o
                0x0000000000036028                mqtt_client_process
                0x0000000000036038                group_process
 *fill*         0x0000000000036048       0x18 
 .data          0x0000000000036060       0x44 obj_cooja/mtype478.o
                0x0000000000036060                simInterfaces
                0x0000000000036094                sensors
 .data          0x00000000000360a4        0x0 obj_cooja/mtype478.a(simEnvChange.o)
 .data          0x00000000000360a4        0x0 obj_cooja/mtype478.a(cooja_mt.o)
 .data          0x00000000000360a4        0x0 obj_cooja/mtype478.a(cooja_mtarch.o)
 .data          0x00000000000360a4        0x0 obj_cooja/mtype478.a(rtimer-arch.o)
 .data          0x00000000000360a4        0x0 obj_cooja/mtype478.a(beep.o)
 .data          0x00000000000360a4        0x0 obj_cooja/mtype478.a(button-sensor.o)
 .data          0x00000000000360a4        0x0 obj_cooja/mtype478.a(leds-arch.o)
 .data          0x00000000000360a4        0x0 obj_cooja/mtype478.a(moteid.o)
 .data          0x00000000000360a4        0x0 obj_cooja/mtype478.a(pir-sensor.o)
 .data          0x00000000000360a4        0x0 obj_cooja/mtype478.a(rs232.o)
 .data          0x00000000000360a4        0x0 obj_cooja/mtype478.a(vib-sensor.o)
 .data          0x00000000000360a4        0x0 obj_cooja/mtype478.a(clock.o)
 .data          0x00000000000360a4        0x0 obj_cooja/mtype478.a(cooja-log.o)
 .data          0x00000000000360a4        0x0 obj_cooja/mtype478.a(cfs-cooja.o)
 .data          0x00000000000360a4       0x2c obj_cooja/mtype478.a(cooja-radio.o)
                0x00000000000360a4                simRadioHWOn
                0x00000000000360a8                simSignalStrength
                0x00000000000360ac                simLastSignalStrength
                0x00000000000360b0                simPower
                0x00000000000360b4                simRadioChannel
                0x00000000000360b8                simLQI
                0x00000000000360c0                cooja_radio_process
 .data          0x00000000000360d0        0x0 obj_cooja/mtype478.a(eeprom.o)
 .data          0x00000000000360d0        0x0 obj_cooja/mtype478.a(random.o)
 .data          0x00000000000360d0       0x10 obj_cooja/mtype478.a(sensors.o)
                0x00000000000360d0                sensors_process
 .data          0x00000000000360e0       0x14 obj_cooja/mtype478.a(mqtt.o)
                0x00000000000360e4                mqtt_process
 .data          0x00000000000360f4        0x0 obj_cooja/mtype478.a(contiki-main.o)
 .data          0x00000000000360f4        0x0 obj_cooja/mtype478.a(autostart.o)
 .data          0x00000000000360f4       0x14 obj_cooja/mtype478.a(ctimer.o)
                0x00000000000360f8                ctimer_process
 .data          0x0000000000036108        0x0 obj_cooja/mtype478.a(energest.o)
 .data          0x0000000000036108       0x10 obj_cooja/mtype478.a(etimer.o)
                0x0000000000036108                etimer_process
 *fill*         0x0000000000036118        0x8 
 .data          0x0000000000036120       0xb0 obj_cooja/mtype478.a(log.o)
                0x0000000000036120                curr_log_level_main
                0x0000000000036140                all_modules
 .data          0x00000000000361d0        0x0 obj_cooja/mtype478.a(process.o)
 .data          0x00000000000361d0        0x0 obj_cooja/mtype478.a(rtimer.o)
 .data          0x00000000000361d0        0x0 obj_cooja/mtype478.a(node-id.o)
 .data          0x00000000000361d0        0x0 obj_cooja/mtype478.a(timer.o)
 .data          0x00000000000361d0       0x10 obj_cooja/mtype478.a(serial-line.o)
                0x00000000000361d0                serial_line_process
 .data          0x00000000000361e0        0x0 obj_cooja/mtype478.a(list.o)
 .data          0x00000000000361e0        0x0 obj_cooja/mtype478.a(ringbuf.o)
 .data          0x00000000000361e0       0x10 obj_cooja/mtype478.a(nbr-table.o)
 .data          0x00000000000361f0        0x4 obj_cooja/mtype478.a(packetbuf.o)
 .data          0x00000000000361f4        0x4 obj_cooja/mtype478.a(netstack.o)
 .data          0x00000000000361f8        0x0 obj_cooja/mtype478.a(linkaddr.o)
 .data          0x00000000000361f8        0x0 obj_cooja/mtype478.a(csma.o)
 .data          0x00000000000361f8       0x28 obj_cooja/mtype478.a(csma-output.o)
 .data          0x0000000000036220        0x0 obj_cooja/mtype478.a(uip-ds6.o)
 .data          0x0000000000036220       0x14 obj_cooja/mtype478.a(tcp-socket.o)
                0x0000000000036224                tcp_socket_process
 .data          0x0000000000036234       0x10 obj_cooja/mtype478.a(tcpip.o)
                0x0000000000036234                tcpip_process
 .data          0x0000000000036244       0x10 obj_cooja/mtype478.a(uip-ds6-route.o)
 .data          0x0000000000036254        0x0 obj_cooja/mtype478.a(uip6.o)
 .data          0x0000000000036254       0x14 obj_cooja/mtype478.a(uip-ds6-nbr.o)
                0x0000000000036264                ds6_neighbors
 .data          0x0000000000036268       0x18 obj_cooja/mtype478.a(uip-nd6.o)
 .data          0x0000000000036280       0x10 obj_cooja/mtype478.a(simple-udp.o)
                0x0000000000036280                simple_udp_process
 .data          0x0000000000036290        0x0 obj_cooja/mtype478.a(sicslowpan.o)
 .data          0x0000000000036290        0x0 obj_cooja/mtype478.a(uiplib.o)
 .data          0x0000000000036290        0x0 obj_cooja/mtype478.a(rpl-nbr-policy.)
 .data          0x0000000000036290       0x14 obj_cooja/mtype478.a(rpl-neighbor.o)
                0x00000000000362a0                rpl_neighbors
 .data          0x00000000000362a4        0x0 obj_cooja/mtype478.a(rpl-timers.o)
 .data          0x00000000000362a4        0x0 obj_cooja/mtype478.a(rpl.o)
 .data          0x00000000000362a4       0x30 obj_cooja/mtype478.a(rpl-icmp6.o)
 .data          0x00000000000362d4        0x0 obj_cooja/mtype478.a(rpl-dag.o)
 .data          0x00000000000362d4        0x0 obj_cooja/mtype478.a(rpl-dag-root.o)
 .data          0x00000000000362d4        0x0 obj_cooja/mtype478.a(watchdog.o)
 .data          0x00000000000362d4        0x0 obj_cooja/mtype478.a(stimer.o)
 .data          0x00000000000362d4        0x0 obj_cooja/mtype478.a(memb.o)
 .data          0x00000000000362d4       0x18 obj_cooja/mtype478.a(queuebuf.o)
 .data          0x00000000000362ec       0x14 obj_cooja/mtype478.a(link-stats.o)
 .data          0x0000000000036300        0x0 obj_cooja/mtype478.a(mac-sequence.o)
 .data          0x0000000000036300        0x0 obj_cooja/mtype478.a(mac.o)
 .data          0x0000000000036300        0x0 obj_cooja/mtype478.a(framer-802154.o)
 .data          0x0000000000036300        0x2 obj_cooja/mtype478.a(frame802154.o)
 .data          0x0000000000036302        0x0 obj_cooja/mtype478.a(uipbuf.o)
 *fill*         0x0000000000036302        0x2 
 .data          0x0000000000036304       0x20 obj_cooja/mtype478.a(uip-icmp6.o)
 .data          0x0000000000036324       0x10 obj_cooja/mtype478.a(uip-sr.o)
 .data          0x0000000000036334        0xc obj_cooja/mtype478.a(uip-packetqueue)
 .data          0x0000000000036340        0x0 obj_cooja/mtype478.a(uip-udp-packet.)
 .data          0x0000000000036340        0x0 obj_cooja/mtype478.a(rpl-ext-header.)
 .data          0x0000000000036340       0x24 obj_cooja/mtype478.a(rpl-mrhof.o)
                0x0000000000036340                rpl_mrhof
 .data          0x0000000000036364        0x0 /usr/lib/gcc/i686-linux-gnu/5/crtendS.o
 .data          0x0000000000036364        0x0 /usr/lib/gcc/i686-linux-gnu/5/../../../i386-linux-gnu/crtn.o

.tm_clone_table
                0x0000000000036364        0x0
 .tm_clone_table
                0x0000000000036364        0x0 /usr/lib/gcc/i686-linux-gnu/5/crtbeginS.o
 .tm_clone_table
                0x0000000000036364        0x0 /usr/lib/gcc/i686-linux-gnu/5/crtendS.o

.data1
 *(.data1)
                0x0000000000036364                _edata = .
                [!provide]                        PROVIDE (edata, .)
                0x0000000000036364                . = .
                0x0000000000036364                __bss_start = .

.bss            0x0000000000036380    0x16600
 *(.dynbss)
 .dynbss        0x0000000000036380        0x0 /usr/lib/gcc/i686-linux-gnu/5/../../../i386-linux-gnu/crti.o
 *(.bss .bss.* .gnu.linkonce.b.*)
 .bss           0x0000000000036380        0x0 /usr/lib/gcc/i686-linux-gnu/5/../../../i386-linux-gnu/crti.o
 .bss           0x0000000000036380        0x1 /usr/lib/gcc/i686-linux-gnu/5/crtbeginS.o
 *fill*         0x0000000000036381       0x1f 
 .bss           0x00000000000363a0      0xee4 mqtt-client.o
 *fill*         0x0000000000037284       0x1c 
 .bss           0x00000000000372a0     0x2030 obj_cooja/mtype478.o
 .bss           0x00000000000392d0        0x1 obj_cooja/mtype478.a(simEnvChange.o)
                0x00000000000392d0                simDontFallAsleep
 *fill*         0x00000000000392d1        0x3 
 .bss           0x00000000000392d4        0x4 obj_cooja/mtype478.a(cooja_mt.o)
 .bss           0x00000000000392d8        0x4 obj_cooja/mtype478.a(cooja_mtarch.o)
 .bss           0x00000000000392dc        0x0 obj_cooja/mtype478.a(rtimer-arch.o)
 .bss           0x00000000000392dc        0x0 obj_cooja/mtype478.a(beep.o)
 .bss           0x00000000000392dc        0x8 obj_cooja/mtype478.a(button-sensor.o)
 .bss           0x00000000000392e4        0x0 obj_cooja/mtype478.a(leds-arch.o)
 .bss           0x00000000000392e4        0x0 obj_cooja/mtype478.a(moteid.o)
 .bss           0x00000000000392e4        0x1 obj_cooja/mtype478.a(pir-sensor.o)
                0x00000000000392e4                simPirValue
 *fill*         0x00000000000392e5        0x3 
 .bss           0x00000000000392e8        0x4 obj_cooja/mtype478.a(rs232.o)
 .bss           0x00000000000392ec        0x1 obj_cooja/mtype478.a(vib-sensor.o)
                0x00000000000392ec                simVibValue
 .bss           0x00000000000392ed        0x0 obj_cooja/mtype478.a(clock.o)
 *fill*         0x00000000000392ed       0x13 
 .bss           0x0000000000039300     0x2020 obj_cooja/mtype478.a(cooja-log.o)
 .bss           0x000000000003b320      0xfc0 obj_cooja/mtype478.a(cfs-cooja.o)
                0x000000000003b320                simCFSData
                0x000000000003c2c0                simCFSSize
                0x000000000003c2c4                simCFSChanged
                0x000000000003c2c8                simCFSRead
                0x000000000003c2cc                simCFSWritten
 .bss           0x000000000003c2e0       0x24 obj_cooja/mtype478.a(cooja-radio.o)
                0x000000000003c2e0                simReceiving
                0x000000000003c2e4                simInSize
                0x000000000003c2e8                simLastPacketTimestamp
                0x000000000003c2f0                simOutSize
 .bss           0x000000000003c304        0xc obj_cooja/mtype478.a(eeprom.o)
                0x000000000003c304                simEEPROMChanged
                0x000000000003c308                simEEPROMRead
                0x000000000003c30c                simEEPROMWritten
 .bss           0x000000000003c310        0x0 obj_cooja/mtype478.a(random.o)
 .bss           0x000000000003c310        0xc obj_cooja/mtype478.a(sensors.o)
 .bss           0x000000000003c31c       0x15 obj_cooja/mtype478.a(mqtt.o)
 .bss           0x000000000003c331        0x0 obj_cooja/mtype478.a(contiki-main.o)
 .bss           0x000000000003c331        0x0 obj_cooja/mtype478.a(autostart.o)
 *fill*         0x000000000003c331        0x3 
 .bss           0x000000000003c334        0x5 obj_cooja/mtype478.a(ctimer.o)
 .bss           0x000000000003c339        0x0 obj_cooja/mtype478.a(energest.o)
 *fill*         0x000000000003c339        0x3 
 .bss           0x000000000003c33c        0x8 obj_cooja/mtype478.a(etimer.o)
 .bss           0x000000000003c344       0x28 obj_cooja/mtype478.a(log.o)
                0x000000000003c344                curr_log_level_rpl
                0x000000000003c348                curr_log_level_tcpip
                0x000000000003c34c                curr_log_level_ipv6
                0x000000000003c350                curr_log_level_6lowpan
                0x000000000003c354                curr_log_level_nullnet
                0x000000000003c358                curr_log_level_mac
                0x000000000003c35c                curr_log_level_framer
                0x000000000003c360                curr_log_level_6top
                0x000000000003c364                curr_log_level_coap
                0x000000000003c368                curr_log_level_lwm2m
 *fill*         0x000000000003c36c       0x14 
 .bss           0x000000000003c380      0x1a1 obj_cooja/mtype478.a(process.o)
                0x000000000003c380                process_list
                0x000000000003c384                process_current
 *fill*         0x000000000003c521        0x3 
 .bss           0x000000000003c524        0x4 obj_cooja/mtype478.a(rtimer.o)
 .bss           0x000000000003c528        0x2 obj_cooja/mtype478.a(node-id.o)
                0x000000000003c528                node_id
 .bss           0x000000000003c52a        0x0 obj_cooja/mtype478.a(timer.o)
 *fill*         0x000000000003c52a       0x16 
 .bss           0x000000000003c540      0x140 obj_cooja/mtype478.a(serial-line.o)
 .bss           0x000000000003c680        0x0 obj_cooja/mtype478.a(list.o)
 .bss           0x000000000003c680        0x0 obj_cooja/mtype478.a(ringbuf.o)
 .bss           0x000000000003c680     0x1214 obj_cooja/mtype478.a(nbr-table.o)
 *fill*         0x000000000003d894        0xc 
 .bss           0x000000000003d8a0       0xa0 obj_cooja/mtype478.a(packetbuf.o)
 .bss           0x000000000003d940        0x4 obj_cooja/mtype478.a(netstack.o)
 .bss           0x000000000003d944        0x0 obj_cooja/mtype478.a(linkaddr.o)
 .bss           0x000000000003d944        0x0 obj_cooja/mtype478.a(csma.o)
 *fill*         0x000000000003d944       0x1c 
 .bss           0x000000000003d960      0x726 obj_cooja/mtype478.a(csma-output.o)
 *fill*         0x000000000003e086        0x2 
 .bss           0x000000000003e088       0x20 obj_cooja/mtype478.a(uip-ds6.o)
 .bss           0x000000000003e0a8        0x5 obj_cooja/mtype478.a(tcp-socket.o)
 *fill*         0x000000000003e0ad       0x13 
 .bss           0x000000000003e0c0       0xc4 obj_cooja/mtype478.a(tcpip.o)
 *fill*         0x000000000003e184       0x1c 
 .bss           0x000000000003e1a0       0x60 obj_cooja/mtype478.a(uip-ds6-route.o)
 .bss           0x000000000003e200        0xc obj_cooja/mtype478.a(uip6.o)
                0x000000000003e200                uip_ext_bitmap
                0x000000000003e201                uip_ext_len
                0x000000000003e202                uip_ext_opt_offset
 *fill*         0x000000000003e20c       0x14 
 .bss           0x000000000003e220     0x3390 obj_cooja/mtype478.a(uip-ds6-nbr.o)
 .bss           0x00000000000415b0       0x14 obj_cooja/mtype478.a(uip-nd6.o)
 *fill*         0x00000000000415c4       0x1c 
 .bss           0x00000000000415e0      0x520 obj_cooja/mtype478.a(simple-udp.o)
 .bss           0x0000000000041b00      0x724 obj_cooja/mtype478.a(sicslowpan.o)
 .bss           0x0000000000042224        0x0 obj_cooja/mtype478.a(uiplib.o)
 .bss           0x0000000000042224        0xe obj_cooja/mtype478.a(rpl-nbr-policy.)
 *fill*         0x0000000000042232        0xe 
 .bss           0x0000000000042240      0x960 obj_cooja/mtype478.a(rpl-neighbor.o)
 .bss           0x0000000000042ba0       0x40 obj_cooja/mtype478.a(rpl-timers.o)
 .bss           0x0000000000042be0        0x1 obj_cooja/mtype478.a(rpl.o)
 .bss           0x0000000000042be1        0x0 obj_cooja/mtype478.a(rpl-icmp6.o)
 .bss           0x0000000000042be1        0x0 obj_cooja/mtype478.a(rpl-dag.o)
 *fill*         0x0000000000042be1        0x3 
 .bss           0x0000000000042be4       0x11 obj_cooja/mtype478.a(rpl-dag-root.o)
 .bss           0x0000000000042bf5        0x0 obj_cooja/mtype478.a(watchdog.o)
 .bss           0x0000000000042bf5        0x0 obj_cooja/mtype478.a(stimer.o)
 .bss           0x0000000000042bf5        0x0 obj_cooja/mtype478.a(memb.o)
 *fill*         0x0000000000042bf5        0xb 
 .bss           0x0000000000042c00     0x2c80 obj_cooja/mtype478.a(queuebuf.o)
 .bss           0x0000000000045880      0xe10 obj_cooja/mtype478.a(link-stats.o)
 *fill*         0x0000000000046690       0x10 
 .bss           0x00000000000466a0      0x100 obj_cooja/mtype478.a(mac-sequence.o)
 .bss           0x00000000000467a0        0x0 obj_cooja/mtype478.a(mac.o)
 .bss           0x00000000000467a0        0x2 obj_cooja/mtype478.a(framer-802154.o)
 .bss           0x00000000000467a2        0x0 obj_cooja/mtype478.a(frame802154.o)
 *fill*         0x00000000000467a2        0x2 
 .bss           0x00000000000467a4        0xc obj_cooja/mtype478.a(uipbuf.o)
 .bss           0x00000000000467b0       0x18 obj_cooja/mtype478.a(uip-icmp6.o)
 *fill*         0x00000000000467c8       0x18 
 .bss           0x00000000000467e0     0x1d80 obj_cooja/mtype478.a(uip-sr.o)
 .bss           0x0000000000048560      0xa78 obj_cooja/mtype478.a(uip-packetqueue)
 .bss           0x0000000000048fd8        0x0 obj_cooja/mtype478.a(uip-udp-packet.)
 .bss           0x0000000000048fd8        0x0 obj_cooja/mtype478.a(rpl-ext-header.)
 .bss           0x0000000000048fd8        0x0 obj_cooja/mtype478.a(rpl-mrhof.o)
 .bss           0x0000000000048fd8        0x0 /usr/lib/gcc/i686-linux-gnu/5/crtendS.o
 .bss           0x0000000000048fd8        0x0 /usr/lib/gcc/i686-linux-gnu/5/../../../i386-linux-gnu/crtn.o
 *(COMMON)
 COMMON         0x0000000000048fd8        0x8 obj_cooja/mtype478.o
                0x0000000000048fd8                referenceVar
                0x0000000000048fdc                sensors_flags
 COMMON         0x0000000000048fe0        0xc obj_cooja/mtype478.a(simEnvChange.o)
                0x0000000000048fe0                simEtimerPending
                0x0000000000048fe4                simProcessRunValue
                0x0000000000048fe8                simEtimerNextExpirationTime
 *fill*         0x0000000000048fec        0x4 
 COMMON         0x0000000000048ff0       0x18 obj_cooja/mtype478.a(rtimer-arch.o)
                0x0000000000048ff0                simRtimerPending
                0x0000000000048ff8                simRtimerCurrentTicks
                0x0000000000049000                simRtimerNextExpirationTime
 COMMON         0x0000000000049008        0x1 obj_cooja/mtype478.a(beep.o)
                0x0000000000049008                simBeeped
 COMMON         0x0000000000049009        0x3 obj_cooja/mtype478.a(button-sensor.o)
                0x0000000000049009                simButtonIsActive
                0x000000000004900a                simButtonIsDown
                0x000000000004900b                simButtonChanged
 COMMON         0x000000000004900c        0x1 obj_cooja/mtype478.a(leds-arch.o)
                0x000000000004900c                simLedsValue
 *fill*         0x000000000004900d        0x3 
 COMMON         0x0000000000049010        0xc obj_cooja/mtype478.a(moteid.o)
                0x0000000000049010                simRandomSeed
                0x0000000000049014                simMoteIDChanged
                0x0000000000049018                simMoteID
 COMMON         0x000000000004901c        0x2 obj_cooja/mtype478.a(pir-sensor.o)
                0x000000000004901c                simPirIsActive
                0x000000000004901d                simPirChanged
 *fill*         0x000000000004901e        0x2 
 COMMON         0x0000000000049020      0x820 obj_cooja/mtype478.a(rs232.o)
                0x0000000000049020                simSerialReceivingFlag
                0x0000000000049024                simSerialReceivingLength
                0x0000000000049040                simSerialReceivingData
 COMMON         0x0000000000049840        0x2 obj_cooja/mtype478.a(vib-sensor.o)
                0x0000000000049840                simVibChanged
                0x0000000000049841                simVibIsActive
 *fill*         0x0000000000049842        0x2 
 COMMON         0x0000000000049844        0x4 obj_cooja/mtype478.a(clock.o)
                0x0000000000049844                simCurrentTime
 *fill*         0x0000000000049848       0x18 
 COMMON         0x0000000000049860     0x2020 obj_cooja/mtype478.a(cooja-log.o)
                0x0000000000049860                simLoggedLength
                0x0000000000049864                simLoggedFlag
                0x0000000000049880                simLoggedData
 COMMON         0x000000000004b880      0x100 obj_cooja/mtype478.a(cooja-radio.o)
                0x000000000004b880                simOutDataBuffer
                0x000000000004b900                simInDataBuffer
 COMMON         0x000000000004b980      0x400 obj_cooja/mtype478.a(eeprom.o)
                0x000000000004b980                simEEPROMData
 COMMON         0x000000000004bd80        0x1 obj_cooja/mtype478.a(sensors.o)
                0x000000000004bd80                sensors_event
 COMMON         0x000000000004bd81        0x1 obj_cooja/mtype478.a(mqtt.o)
                0x000000000004bd81                mqtt_update_event
 *fill*         0x000000000004bd82        0x2 
 COMMON         0x000000000004bd84       0x50 obj_cooja/mtype478.a(contiki-main.o)
                0x000000000004bd84                eb_per_time_source
                0x000000000004bd98                unicast_per_neighbor_rpl_storing
                0x000000000004bdac                unicast_per_neighbor_rpl_ns
                0x000000000004bdc0                default_common
 COMMON         0x000000000004bdd4        0x1 obj_cooja/mtype478.a(serial-line.o)
                0x000000000004bdd4                serial_line_event_message
 *fill*         0x000000000004bdd5        0x3 
 COMMON         0x000000000004bdd8       0x2c obj_cooja/mtype478.a(packetbuf.o)
                0x000000000004bdd8                packetbuf_attrs
                0x000000000004bdf4                packetbuf_addrs
 COMMON         0x000000000004be04        0x8 obj_cooja/mtype478.a(linkaddr.o)
                0x000000000004be04                linkaddr_node_addr
 *fill*         0x000000000004be0c       0x14 
 COMMON         0x000000000004be20      0x181 obj_cooja/mtype478.a(uip-ds6.o)
                0x000000000004be20                uip_ds6_prefix_list
                0x000000000004be80                uip_ds6_timer_periodic
                0x000000000004be90                uip_ds6_netif_addr_list_offset
                0x000000000004bea0                uip_ds6_if
                0x000000000004bf98                uip_ds6_timer_ra
                0x000000000004bfa0                uip_ds6_addr_size
 COMMON         0x000000000004bfa1        0x1 obj_cooja/mtype478.a(tcpip.o)
                0x000000000004bfa1                tcpip_event
 *fill*         0x000000000004bfa2       0x1e 
 COMMON         0x000000000004bfc0      0x80c obj_cooja/mtype478.a(uip6.o)
                0x000000000004bfc0                uip_slen
                0x000000000004bfc4                uip_acc32
                0x000000000004bfe0                uip_conns
                0x000000000004c160                uip_lladdr
                0x000000000004c168                uip_appdata
                0x000000000004c16c                uip_flags
                0x000000000004c180                uip_aligned_buf
                0x000000000004c680                uip_listenports
                0x000000000004c6a8                uip_len
                0x000000000004c6ac                uip_sappdata
                0x000000000004c6c0                uip_udp_conns
                0x000000000004c7c0                uip_udp_conn
                0x000000000004c7c4                uip_next_hdr
                0x000000000004c7c8                uip_conn
 COMMON         0x000000000004c7cc       0x10 obj_cooja/mtype478.a(rpl.o)
                0x000000000004c7cc                rpl_multicast_addr
 *fill*         0x000000000004c7dc        0x4 
 COMMON         0x000000000004c7e0      0x164 obj_cooja/mtype478.a(rpl-dag.o)
                0x000000000004c7e0                curr_instance
 *fill*         0x000000000004c944       0x1c 
 COMMON         0x000000000004c960       0x20 obj_cooja/mtype478.a(link-stats.o)
                0x000000000004c960                periodic_timer
                0x000000000004c980                . = ALIGN ((. != 0x0)?0x4:0x1)
                0x000000000004c980                . = ALIGN (0x4)
                0x000000000004c980                . = SEGMENT_START ("ldata-segment", .)
                0x000000000004c980                . = ALIGN (0x4)
                0x000000000004c980                _end = .
                [!provide]                        PROVIDE (end, .)
                0x000000000004c980                . = DATA_SEGMENT_END (.)

.stab
 *(.stab)

.stabstr
 *(.stabstr)

.stab.excl
 *(.stab.excl)

.stab.exclstr
 *(.stab.exclstr)

.stab.index
 *(.stab.index)

.stab.indexstr
 *(.stab.indexstr)

.comment        0x0000000000000000       0x35
 *(.comment)
 .comment       0x0000000000000000       0x35 /usr/lib/gcc/i686-linux-gnu/5/crtbeginS.o
                                         0x36 (size before relaxing)
 .comment       0x0000000000000035       0x36 mqtt-client.o
 .comment       0x0000000000000035       0x36 obj_cooja/mtype478.o
 .comment       0x0000000000000035       0x36 obj_cooja/mtype478.a(simEnvChange.o)
 .comment       0x0000000000000035       0x36 obj_cooja/mtype478.a(cooja_mt.o)
 .comment       0x0000000000000035       0x36 obj_cooja/mtype478.a(cooja_mtarch.o)
 .comment       0x0000000000000035       0x36 obj_cooja/mtype478.a(rtimer-arch.o)
 .comment       0x0000000000000035       0x36 obj_cooja/mtype478.a(beep.o)
 .comment       0x0000000000000035       0x36 obj_cooja/mtype478.a(button-sensor.o)
 .comment       0x0000000000000035       0x36 obj_cooja/mtype478.a(leds-arch.o)
 .comment       0x0000000000000035       0x36 obj_cooja/mtype478.a(moteid.o)
 .comment       0x0000000000000035       0x36 obj_cooja/mtype478.a(pir-sensor.o)
 .comment       0x0000000000000035       0x36 obj_cooja/mtype478.a(rs232.o)
 .comment       0x0000000000000035       0x36 obj_cooja/mtype478.a(vib-sensor.o)
 .comment       0x0000000000000035       0x36 obj_cooja/mtype478.a(clock.o)
 .comment       0x0000000000000035       0x36 obj_cooja/mtype478.a(cooja-log.o)
 .comment       0x0000000000000035       0x36 obj_cooja/mtype478.a(cfs-cooja.o)
 .comment       0x0000000000000035       0x36 obj_cooja/mtype478.a(cooja-radio.o)
 .comment       0x0000000000000035       0x36 obj_cooja/mtype478.a(eeprom.o)
 .comment       0x0000000000000035       0x36 obj_cooja/mtype478.a(random.o)
 .comment       0x0000000000000035       0x36 obj_cooja/mtype478.a(sensors.o)
 .comment       0x0000000000000035       0x36 obj_cooja/mtype478.a(mqtt.o)
 .comment       0x0000000000000035       0x36 obj_cooja/mtype478.a(contiki-main.o)
 .comment       0x0000000000000035       0x36 obj_cooja/mtype478.a(autostart.o)
 .comment       0x0000000000000035       0x36 obj_cooja/mtype478.a(ctimer.o)
 .comment       0x0000000000000035       0x36 obj_cooja/mtype478.a(energest.o)
 .comment       0x0000000000000035       0x36 obj_cooja/mtype478.a(etimer.o)
 .comment       0x0000000000000035       0x36 obj_cooja/mtype478.a(log.o)
 .comment       0x0000000000000035       0x36 obj_cooja/mtype478.a(process.o)
 .comment       0x0000000000000035       0x36 obj_cooja/mtype478.a(rtimer.o)
 .comment       0x0000000000000035       0x36 obj_cooja/mtype478.a(node-id.o)
 .comment       0x0000000000000035       0x36 obj_cooja/mtype478.a(timer.o)
 .comment       0x0000000000000035       0x36 obj_cooja/mtype478.a(serial-line.o)
 .comment       0x0000000000000035       0x36 obj_cooja/mtype478.a(list.o)
 .comment       0x0000000000000035       0x36 obj_cooja/mtype478.a(ringbuf.o)
 .comment       0x0000000000000035       0x36 obj_cooja/mtype478.a(nbr-table.o)
 .comment       0x0000000000000035       0x36 obj_cooja/mtype478.a(packetbuf.o)
 .comment       0x0000000000000035       0x36 obj_cooja/mtype478.a(netstack.o)
 .comment       0x0000000000000035       0x36 obj_cooja/mtype478.a(linkaddr.o)
 .comment       0x0000000000000035       0x36 obj_cooja/mtype478.a(csma.o)
 .comment       0x0000000000000035       0x36 obj_cooja/mtype478.a(csma-output.o)
 .comment       0x0000000000000035       0x36 obj_cooja/mtype478.a(uip-ds6.o)
 .comment       0x0000000000000035       0x36 obj_cooja/mtype478.a(tcp-socket.o)
 .comment       0x0000000000000035       0x36 obj_cooja/mtype478.a(tcpip.o)
 .comment       0x0000000000000035       0x36 obj_cooja/mtype478.a(uip-ds6-route.o)
 .comment       0x0000000000000035       0x36 obj_cooja/mtype478.a(uip6.o)
 .comment       0x0000000000000035       0x36 obj_cooja/mtype478.a(uip-ds6-nbr.o)
 .comment       0x0000000000000035       0x36 obj_cooja/mtype478.a(uip-nd6.o)
 .comment       0x0000000000000035       0x36 obj_cooja/mtype478.a(simple-udp.o)
 .comment       0x0000000000000035       0x36 obj_cooja/mtype478.a(sicslowpan.o)
 .comment       0x0000000000000035       0x36 obj_cooja/mtype478.a(uiplib.o)
 .comment       0x0000000000000035       0x36 obj_cooja/mtype478.a(rpl-nbr-policy.)
 .comment       0x0000000000000035       0x36 obj_cooja/mtype478.a(rpl-neighbor.o)
 .comment       0x0000000000000035       0x36 obj_cooja/mtype478.a(rpl-timers.o)
 .comment       0x0000000000000035       0x36 obj_cooja/mtype478.a(rpl.o)
 .comment       0x0000000000000035       0x36 obj_cooja/mtype478.a(rpl-icmp6.o)
 .comment       0x0000000000000035       0x36 obj_cooja/mtype478.a(rpl-dag.o)
 .comment       0x0000000000000035       0x36 obj_cooja/mtype478.a(rpl-dag-root.o)
 .comment       0x0000000000000035       0x36 obj_cooja/mtype478.a(watchdog.o)
 .comment       0x0000000000000035       0x36 obj_cooja/mtype478.a(stimer.o)
 .comment       0x0000000000000035       0x36 obj_cooja/mtype478.a(memb.o)
 .comment       0x0000000000000035       0x36 obj_cooja/mtype478.a(queuebuf.o)
 .comment       0x0000000000000035       0x36 obj_cooja/mtype478.a(link-stats.o)
 .comment       0x0000000000000035       0x36 obj_cooja/mtype478.a(mac-sequence.o)
 .comment       0x0000000000000035       0x36 obj_cooja/mtype478.a(mac.o)
 .comment       0x0000000000000035       0x36 obj_cooja/mtype478.a(framer-802154.o)
 .comment       0x0000000000000035       0x36 obj_cooja/mtype478.a(frame802154.o)
 .comment       0x0000000000000035       0x36 obj_cooja/mtype478.a(uipbuf.o)
 .comment       0x0000000000000035       0x36 obj_cooja/mtype478.a(uip-icmp6.o)
 .comment       0x0000000000000035       0x36 obj_cooja/mtype478.a(uip-sr.o)
 .comment       0x0000000000000035       0x36 obj_cooja/mtype478.a(uip-packetqueue)
 .comment       0x0000000000000035       0x36 obj_cooja/mtype478.a(uip-udp-packet.)
 .comment       0x0000000000000035       0x36 obj_cooja/mtype478.a(rpl-ext-header.)
 .comment       0x0000000000000035       0x36 obj_cooja/mtype478.a(rpl-mrhof.o)
 .comment       0x0000000000000035       0x36 /usr/lib/gcc/i686-linux-gnu/5/crtendS.o

.debug
 *(.debug)

.line
 *(.line)

.debug_srcinfo
 *(.debug_srcinfo)

.debug_sfnames
 *(.debug_sfnames)

.debug_aranges  0x0000000000000000      0x920
 *(.debug_aranges)
 .debug_aranges
                0x0000000000000000       0x20 mqtt-client.o
 .debug_aranges